<html>
<body>
<pre>
<h1>礦ision Build Log</h1>
<h2>Tool Versions:</h2>
IDE-Version: μVision V5.18.0.0
Copyright (C) 2016 ARM Ltd and ARM Germany GmbH. All rights reserved.
License Information: RYQ RenYuQing, RYQ, LIC=RC93N-YQ9Y6-TGQ7T-RGC2R-12VWP-1CLZH
 
Tool Versions:
Toolchain:       MDK-ARM Standard  Version: 5.18
Toolchain Path:  D:\Keil_v5\ARM\ARMCC\Bin
C Compiler:      Armcc.exe V5.06 update 1 (build 61)
Assembler:       Armasm.exe V5.06 update 1 (build 61)
Linker/Locator:  ArmLink.exe V5.06 update 1 (build 61)
Library Manager: ArmAr.exe V5.06 update 1 (build 61)
Hex Converter:   FromElf.exe V5.06 update 1 (build 61)
CPU DLL:         SARMCM3.DLL V5.18
Dialog DLL:      DCM.DLL V1.13.6.0
Target DLL:      Segger\JL2CM3.dll V2.99.18.0
Dialog DLL:      TCM.DLL V1.14.8.0
 
<h2>Project:</h2>
F:\中国机器人大赛2022\Medical_chassis_V0.3\MDK-ARM\standard_robot.uvprojx
Project File Date:  11/21/2022

<h2>Output:</h2>
*** Using Compiler 'V5.06 update 1 (build 61)', folder: 'D:\Keil_v5\ARM\ARMCC\Bin'
Rebuild target 'standard_robot'
assembling startup_stm32f407xx.s...
compiling i2c.c...
compiling dma.c...
compiling main.c...
../Src/main.c(143): warning:  #223-D: function "OLED_init" declared implicitly
          OLED_init();
../Src/main.c: 1 warning, 0 errors
compiling can.c...
compiling adc.c...
compiling spi.c...
compiling rtc.c...
compiling freertos.c...
../application/medical_chassis.h(123): warning:  #1295-D: Deprecated declaration mood2 - give arg types
  void mood2();
../application/medical_chassis.h(124): warning:  #1295-D: Deprecated declaration mood1 - give arg types
  void mood1();
../application/medical_chassis.h(125): warning:  #1295-D: Deprecated declaration BED1_1 - give arg types
  void BED1_1();
../application/medical_chassis.h(126): warning:  #1295-D: Deprecated declaration BED3_1 - give arg types
  void BED3_1();
../application/medical_chassis.h(127): warning:  #1295-D: Deprecated declaration BED1_2 - give arg types
  void BED1_2();
../application/medical_chassis.h(128): warning:  #1295-D: Deprecated declaration BED3_2 - give arg types
  void BED3_2();
../application/medical_chassis.h(129): warning:  #1295-D: Deprecated declaration CSH - give arg types
  void CSH();
../Src/freertos.c: 7 warnings, 0 errors
compiling gpio.c...
compiling rng.c...
compiling crc.c...
compiling usart.c...
compiling tim.c...
compiling bsp_adc.c...
compiling usbd_desc.c...
compiling system_stm32f4xx.c...
compiling stm32f4xx_it.c...
../Src/stm32f4xx_it.c(173): warning:  #223-D: function "xPortSysTickHandler" declared implicitly
    xPortSysTickHandler();
../Src/stm32f4xx_it.c: 1 warning, 0 errors
compiling bsp_buzzer.c...
compiling stm32f4xx_hal_msp.c...
compiling usbd_cdc_if.c...
compiling usb_device.c...
compiling usbd_conf.c...
compiling bsp_can.c...
compiling bsp_i2c.c...
compiling bsp_rc.c...
compiling bsp_led.c...
compiling bsp_imu_pwm.c...
compiling calibrate_task.c...
compiling bsp_fric.c...
compiling bsp_flash.c...
compiling bsp_delay.c...
compiling chassis_behaviour.c...
compiling bsp_crc32.c...
compiling detect_task.c...
compiling gimbal_behaviour.c...
compiling bsp_rng.c...
compiling bsp_laser.c...
compiling bsp_usart.c...
compiling bsp_spi.c...
compiling bsp_servo_pwm.c...
compiling gimbal_task.c...
compiling remote_control.c...
compiling chassis_task.c...
compiling CAN_receive.c...
compiling referee.c...
compiling chassis_power_control.c...
compiling oled_task.c...
..\application\medical_chassis.h(123): warning:  #1295-D: Deprecated declaration mood2 - give arg types
  void mood2();
..\application\medical_chassis.h(124): warning:  #1295-D: Deprecated declaration mood1 - give arg types
  void mood1();
..\application\medical_chassis.h(125): warning:  #1295-D: Deprecated declaration BED1_1 - give arg types
  void BED1_1();
..\application\medical_chassis.h(126): warning:  #1295-D: Deprecated declaration BED3_1 - give arg types
  void BED3_1();
..\application\medical_chassis.h(127): warning:  #1295-D: Deprecated declaration BED1_2 - give arg types
  void BED1_2();
..\application\medical_chassis.h(128): warning:  #1295-D: Deprecated declaration BED3_2 - give arg types
  void BED3_2();
..\application\medical_chassis.h(129): warning:  #1295-D: Deprecated declaration CSH - give arg types
  void CSH();
..\application\oled_task.c(51): warning:  #177-D: variable "i" was declared but never referenced
      uint8_t i;
..\application\oled_task.c(52): warning:  #177-D: variable "show_col" was declared but never referenced
      uint8_t show_col, show_row;
..\application\oled_task.c(52): warning:  #177-D: variable "show_row" was declared but never referenced
      uint8_t show_col, show_row;
..\application\oled_task.c(53): warning:  #177-D: variable "angle" was declared but never referenced
      float angle[3];
..\application\oled_task.c(37): warning:  #177-D: variable "refresh_tick" was declared but never referenced
  static uint8_t refresh_tick = 0;
..\application\oled_task.c: 12 warnings, 0 errors
compiling INS_task.c...
compiling referee_usart_task.c...
compiling ist8310driver.c...
compiling shoot.c...
compiling led_flow_task.c...
compiling user_lib.c...
compiling voltage_task.c...
compiling OLED.c...
compiling BMI088driver.c...
compiling ist8310driver_middleware.c...
compiling BMI088Middleware.c...
compiling usb_task.c...
compiling servo_task.c...
compiling test_task.c...
compiling medical_chassis.c...
..\application\medical_chassis.h(123): warning:  #1295-D: Deprecated declaration mood2 - give arg types
  void mood2();
..\application\medical_chassis.h(124): warning:  #1295-D: Deprecated declaration mood1 - give arg types
  void mood1();
..\application\medical_chassis.h(125): warning:  #1295-D: Deprecated declaration BED1_1 - give arg types
  void BED1_1();
..\application\medical_chassis.h(126): warning:  #1295-D: Deprecated declaration BED3_1 - give arg types
  void BED3_1();
..\application\medical_chassis.h(127): warning:  #1295-D: Deprecated declaration BED1_2 - give arg types
  void BED1_2();
..\application\medical_chassis.h(128): warning:  #1295-D: Deprecated declaration BED3_2 - give arg types
  void BED3_2();
..\application\medical_chassis.h(129): warning:  #1295-D: Deprecated declaration CSH - give arg types
  void CSH();
..\application\medical_chassis.c(119): warning:  #177-D: variable "spd_x" was declared but never referenced
  	int16_t spd_x;
..\application\medical_chassis.c(120): warning:  #177-D: variable "spd_y" was declared but never referenced
  	int16_t spd_y;	
..\application\medical_chassis.c(312): warning:  #177-D: variable "speed_print" was declared but never referenced
  	uint8_t speed_print[100];
..\application\medical_chassis.c(371): warning:  #1166-D: returning pointer to local variable
  	return angle;
..\application\medical_chassis.c(385): warning:  #1166-D: returning pointer to local variable
  	return gyro;
..\application\medical_chassis.c(789): warning:  #1-D: last line of file ends without a newline
  }
..\application\medical_chassis.c: 13 warnings, 0 errors
compiling AHRS_middleware.c...
compiling fifo.c...
compiling pid.c...
compiling CRC8_CRC16.c...
compiling stm32f4xx_hal_pcd_ex.c...
compiling mem_mang4.c...
compiling stm32f4xx_hal_flash.c...
compiling stm32f4xx_ll_usb.c...
compiling stm32f4xx_hal_rcc.c...
compiling stm32f4xx_hal_rcc_ex.c...
compiling stm32f4xx_hal_pcd.c...
compiling stm32f4xx_hal_flash_ex.c...
compiling stm32f4xx_hal_flash_ramfunc.c...
compiling stm32f4xx_hal_gpio.c...
compiling stm32f4xx_hal_pwr_ex.c...
compiling stm32f4xx_hal_pwr.c...
compiling stm32f4xx_hal.c...
compiling stm32f4xx_hal_exti.c...
compiling stm32f4xx_hal_dma.c...
compiling stm32f4xx_hal_dma_ex.c...
compiling stm32f4xx_hal_adc.c...
compiling stm32f4xx_hal_adc_ex.c...
compiling stm32f4xx_hal_cortex.c...
compiling stm32f4xx_hal_i2c_ex.c...
compiling croutine.c...
compiling event_groups.c...
compiling list.c...
compiling queue.c...
compiling stream_buffer.c...
compiling stm32f4xx_hal_can.c...
compiling stm32f4xx_hal_rng.c...
compiling timers.c...
compiling tasks.c...
compiling heap_4.c...
compiling stm32f4xx_hal_tim_ex.c...
compiling cmsis_os.c...
compiling stm32f4xx_hal_rtc_ex.c...
compiling port.c...
compiling stm32f4xx_hal_crc.c...
compiling stm32f4xx_hal_spi.c...
compiling stm32f4xx_hal_uart.c...
compiling stm32f4xx_hal_rtc.c...
compiling stm32f4xx_hal_tim.c...
compiling stm32f4xx_hal_i2c.c...
compiling usbd_ioreq.c...
compiling usbd_ctlreq.c...
compiling usbd_core.c...
compiling usbd_cdc.c...
linking...
Program Size: Code=77732 RO-data=16648 RW-data=632 ZI-data=49864  
FromELF: creating hex file...
"standard_tpye_c\standard_tpye_c.axf" - 0 Error(s), 34 Warning(s).

<h2>Software Packages used:</h2>

Package Vendor: ARM
                http://www.keil.com/pack/ARM.CMSIS.4.5.0.pack
                ARM::CMSIS:CORE:4.3.0
                CMSIS (Cortex Microcontroller Software Interface Standard)
   * Component: CORE Version: 4.3.0

<h2>Collection of Component include folders:</h2>
  F:\中国机器人大赛2022\Medical_chassis_V0.3\MDK-ARM\RTE
  D:\Keil_v5\ARM\PACK\ARM\CMSIS\4.5.0\CMSIS\Include
  D:\Keil_v5\ARM\PACK\Keil\STM32F4xx_DFP\2.16.0\Drivers\CMSIS\Device\ST\STM32F4xx\Include

<h2>Collection of Component Files used:</h2>

   * Component: ARM::CMSIS:CORE:4.3.0
Build Time Elapsed:  00:00:53
</pre>
</body>
</html>
